Ошибки (исправить)
1. Сделать контейнер, отцентрованный.Ненадо каждой секции прописывать margins
2. header {
    margin-top: 21px;
    width: 9%;
} - шапка с шириной в 9%? Вы ограничиваете меня в добавлении, например, формы поиска в шапку.
Посмотрите все такие моменты. Ненадо ограничивать разработчика в добавлении контента на сайт
3. Кошмар и ужас - <div class="block"> :)
4. .coursepoints ul стили переписать. Ненужно списку flex
5. Очень много абсолютных единиц, ненужных, а также margins (но сначала исправьте п.1)
6. Кошмар и ужас - .photo_lessons_comments div img {
    max-width: 160%; :)


Замечания/рекомендации
1. Стиль именования id/классов разнятся: aboutcourse, course_descrip_photo